mode: set
github.com/luigizuccarelli/golang-gitwebhook-service/pkg/validator/validate.go:13.59,17.27 4 1
github.com/luigizuccarelli/golang-gitwebhook-service/pkg/validator/validate.go:25.2,25.12 1 1
github.com/luigizuccarelli/golang-gitwebhook-service/pkg/validator/validate.go:17.27,18.15 1 1
github.com/luigizuccarelli/golang-gitwebhook-service/pkg/validator/validate.go:23.3,23.68 1 1
github.com/luigizuccarelli/golang-gitwebhook-service/pkg/validator/validate.go:18.15,21.4 2 1
github.com/luigizuccarelli/golang-gitwebhook-service/pkg/validator/validate.go:30.50,39.23 2 1
github.com/luigizuccarelli/golang-gitwebhook-service/pkg/validator/validate.go:44.2,44.12 1 1
github.com/luigizuccarelli/golang-gitwebhook-service/pkg/validator/validate.go:39.23,40.54 1 1
github.com/luigizuccarelli/golang-gitwebhook-service/pkg/validator/validate.go:40.54,42.4 1 1
github.com/luigizuccarelli/golang-gitwebhook-service/pkg/handlers/fake-connectors.go:19.52,21.2 1 1
github.com/luigizuccarelli/golang-gitwebhook-service/pkg/handlers/fake-connectors.go:31.72,32.23 1 1
github.com/luigizuccarelli/golang-gitwebhook-service/pkg/handlers/fake-connectors.go:35.2,35.23 1 1
github.com/luigizuccarelli/golang-gitwebhook-service/pkg/handlers/fake-connectors.go:32.23,34.3 1 1
github.com/luigizuccarelli/golang-gitwebhook-service/pkg/handlers/fake-connectors.go:42.77,44.2 1 1
github.com/luigizuccarelli/golang-gitwebhook-service/pkg/handlers/fake-connectors.go:47.55,51.2 1 1
github.com/luigizuccarelli/golang-gitwebhook-service/pkg/handlers/fake-connectors.go:54.64,56.2 1 1
github.com/luigizuccarelli/golang-gitwebhook-service/pkg/handlers/fake-connectors.go:58.63,60.2 1 1
github.com/luigizuccarelli/golang-gitwebhook-service/pkg/handlers/fake-connectors.go:62.64,64.2 1 1
github.com/luigizuccarelli/golang-gitwebhook-service/pkg/handlers/fake-connectors.go:66.64,68.2 1 1
github.com/luigizuccarelli/golang-gitwebhook-service/pkg/handlers/fake-connectors.go:71.107,76.16 2 1
github.com/luigizuccarelli/golang-gitwebhook-service/pkg/handlers/fake-connectors.go:80.2,80.71 1 1
github.com/luigizuccarelli/golang-gitwebhook-service/pkg/handlers/fake-connectors.go:92.2,93.13 2 1
github.com/luigizuccarelli/golang-gitwebhook-service/pkg/handlers/fake-connectors.go:76.16,78.13 2 0
github.com/luigizuccarelli/golang-gitwebhook-service/pkg/handlers/fake-connectors.go:80.71,90.3 2 1
github.com/luigizuccarelli/golang-gitwebhook-service/pkg/handlers/handler.go:26.85,33.51 6 1
github.com/luigizuccarelli/golang-gitwebhook-service/pkg/handlers/handler.go:44.2,45.16 2 1
github.com/luigizuccarelli/golang-gitwebhook-service/pkg/handlers/handler.go:53.2,54.16 2 1
github.com/luigizuccarelli/golang-gitwebhook-service/pkg/handlers/handler.go:75.2,78.28 2 1
github.com/luigizuccarelli/golang-gitwebhook-service/pkg/handlers/handler.go:93.2,93.31 1 1
github.com/luigizuccarelli/golang-gitwebhook-service/pkg/handlers/handler.go:120.2,121.16 2 1
github.com/luigizuccarelli/golang-gitwebhook-service/pkg/handlers/handler.go:128.2,131.36 4 1
github.com/luigizuccarelli/golang-gitwebhook-service/pkg/handlers/handler.go:33.51,36.17 3 1
github.com/luigizuccarelli/golang-gitwebhook-service/pkg/handlers/handler.go:36.17,39.4 2 0
github.com/luigizuccarelli/golang-gitwebhook-service/pkg/handlers/handler.go:40.8,42.3 1 1
github.com/luigizuccarelli/golang-gitwebhook-service/pkg/handlers/handler.go:45.16,51.3 5 1
github.com/luigizuccarelli/golang-gitwebhook-service/pkg/handlers/handler.go:54.16,60.3 5 1
github.com/luigizuccarelli/golang-gitwebhook-service/pkg/handlers/handler.go:78.28,80.29 1 1
github.com/luigizuccarelli/golang-gitwebhook-service/pkg/handlers/handler.go:80.29,90.4 2 1
github.com/luigizuccarelli/golang-gitwebhook-service/pkg/handlers/handler.go:93.31,95.29 1 1
github.com/luigizuccarelli/golang-gitwebhook-service/pkg/handlers/handler.go:95.29,106.4 2 1
github.com/luigizuccarelli/golang-gitwebhook-service/pkg/handlers/handler.go:106.9,117.4 2 1
github.com/luigizuccarelli/golang-gitwebhook-service/pkg/handlers/handler.go:121.16,126.3 4 1
github.com/luigizuccarelli/golang-gitwebhook-service/pkg/handlers/handler.go:134.78,137.2 2 1
github.com/luigizuccarelli/golang-gitwebhook-service/pkg/handlers/handler.go:140.117,148.16 7 1
github.com/luigizuccarelli/golang-gitwebhook-service/pkg/handlers/handler.go:152.2,153.44 2 1
github.com/luigizuccarelli/golang-gitwebhook-service/pkg/handlers/handler.go:157.2,158.64 2 0
github.com/luigizuccarelli/golang-gitwebhook-service/pkg/handlers/handler.go:148.16,151.3 2 1
github.com/luigizuccarelli/golang-gitwebhook-service/pkg/handlers/handler.go:153.44,156.3 2 1
